// Jest Snapshot v1, https://goo.gl/fbAQLP

exports[`Test render app Check the render method of app 1`] = `"Test"`;
